---
source: src/app/acceptance.rs
expression: h.render()
---
 friring  Multi-Session Agent Orchestrator  v0.0.0-dev                                    ◐ Default
╭ Sessions ─────────────╮┌ No Session ─────────────────────────────────────────────────────────────┐
│                       ││                                                                         │
│    No sessions yet    ││                                                                         │
│Press Ctrl+N to create ││                                                                         │
│                       ││                                                                         │
│                       ││                                                                         │
│                       ││                                                                         │
│                       ││                                                                         │
│                       ││                                                                         │
│                       ││                                                                         │
│                       ││                                                                         │
│              ╭ Automations ───────────────────────────────────────────────────────╮              │
│              │               No automations — press n to create one               │              │
│              │                                                                    │              │
│              │                                                                    │              │
│              │n new  Esc close                                                    │              │
│              ╰────────────────────────────────────────────────────────────────────╯              │
│                       ││                                                                         │
│                       ││                                                                         │
│                       ││                                                                         │
│                       ││                                                                         │
│                       ││                                                                         │
│                       ││                                                                         │
│                       ││                                                                         │
╰───────────────────────╯│                                                                         │
┌ Automations ──────────┐│                                                                         │
│none                   ││                                                                         │
└───────────────────────┘└─────────────────────────────────────────────────────────────────────────┘
 Sessions  0 session(s)  Help F1   Info F2   Files F3   Theme F4   Tasks F5   Settings F6   Quit ^Q
