---
source: src/app/acceptance.rs
expression: h.render()
---
 friring  Multi-Session Agent Orchestrator  v0.0.0-dev                                    ◐ Default
╭ Sessions ─────────────╮┌ No Session ─────────────────────────────────────────────────────────────┐
│                       ││                                                                         │
│    No sessions yet    ││                                                                         │
│Press Ctrl+N to create ││                                                                         │
│                       ││                                                                         │
│                       ││                                                                         │
│                       ││                                                                         │
│                       ││                                                                         │
│                       ││                                                                         │
│                       ││                                                                         │
│                       ││                                                                         │
│                   ╭ Restore Deleted Sessions ────────────────────────────────╮                   │
│                   │                    No deleted sessions                   │                   │
│                   │                                                          │                   │
│                   │                                                          │                   │
│                   │Esc close                                                 │                   │
│                   ╰──────────────────────────────────────────────────────────╯                   │
│                       ││                                                                         │
│                       ││                                                                         │
│                       ││                                                                         │
│                       ││                                                                         │
│                       ││                                                                         │
│                       ││                                                                         │
│                       ││                                                                         │
╰───────────────────────╯│                                                                         │
┌ Automations ──────────┐│                                                                         │
│none                   ││                                                                         │
└───────────────────────┘└─────────────────────────────────────────────────────────────────────────┘
 Sessions  Help · F1 s Info · F2 c Files · F3   Theme · F4   Tasks · F5   Settings · F6   Quit · ^Q
